ZEN -205 -128 -77
ZEN -225 -210 -15
ZEN -435 -141 -294
ZEN -407 -235 -172
ZEN -520 -223 -297
ZEN -435 -180 -255
